// Jest Snapshot v1, https://goo.gl/fbAQLP

exports[`AppHeader should render to a snapshot when list is empty 1`] = `
<div
  class="container-fluid"
>
  <nav
    class="navbar navbar-expand-md navbar-light bg-light"
  >
    <h1>
      <router-link
        to="/"
      >
        TV Guide
      </router-link>
    </h1>
    <button
      class="navbar-toggler"
      data-target="#navbarCollapse"
      data-toggle="collapse"
      type="button"
    >
      <span
        class="navbar-toggler-icon"
      />
    </button>
    <div
      class="collapse navbar-collapse"
      id="navbarCollapse"
    >
      <ul
        class="form-inline ml-auto"
      >
        <input
          aria-label="Search"
          class="form-control mr-sm-2"
          id="userInput"
          placeholder="Search"
          type="search"
        />
        <li>
          <button-layout-stub />
        </li>
      </ul>
    </div>
  </nav>
</div>
`;
